"","V1","V2"
"1","ANPEP.01","5169"
"2","ANPEP.02","7572"
"3","ANTXR1.01","1539"
"4","ANTXR1.04","992"
"5","ANTXR1.10","1252"
"6","AXL.01","8352"
"7","AXL.02","5489"
"8","AXL.03","8686"
"9","AXL.04","AXL.04"
"10","CD38.01","3425"
"11","CD38.02","2607"
"12","CD55.03","1502"
"13","CD55.04","168"
"14","CD59.01","7584"
"15","CD59.02","3278"
"16","CD59.03","3828"
"17","CDCP1.01","16379"
"18","CDCP1.03","8332"
"19","CDCP1.04","4614"
"20","CSF1R.01","2395"
"21","CSF1R.02","6413"
"22","CXADR.03","6482"
"23","CXADR.05","6359"
"24","CXADR.17","5365"
"25","CXADR.22","6277"
"26","DDR1.01","3668"
"27","DDR2.01","DDR2.01"
"28","EGFR.01","7446"
"29","EPHA1.04","2"
"30","EPHA10.01","EPHA10.01"
"31","EPHA10.02","EPHA10.02"
"32","EPHA10.03","EPHA10.03"
"33","EPHA2.01","EPHA2.01"
"34","EPHA2.02","EPHA2.02"
"35","EPHA2.04","EPHA2.04"
"36","EPHA4.01","89886"
"37","EPHA4.02","EPHA4.02"
"38","EPHA4.03","EPHA4.03"
"39","EPHA4.04","EPHA4.04"
"40","EPHA5.02","1"
"41","EPHA5.03","EPHA5.03"
"42","EPHA5.04","EPHA5.04"
"43","EPHA6.01","136"
"44","EPHA6.02","EPHA6.02"
"45","EPHA6.03","EPHA6.03"
"46","EPHA6.04","EPHA6.04"
"47","EPHA7.01","176"
"48","EPHA7.02","EPHA7.02"
"49","EPHA7.03","EPHA7.03"
"50","EPHA7.04","EPHA7.04"
"51","EPHA8.01","79"
"52","EPHB2.01","2"
"53","EPHB2.03","EPHB2.03"
"54","EPHB3.01","EPHB3.01"
"55","EPHB3.02","EPHB3.02"
"56","EPHB3.03","EPHB3.03"
"57","EPHB3.04","EPHB3.04"
"58","EPHB4.01","EPHB4.01"
"59","EPHB4.02","EPHB4.02"
"60","EPHB4.03","717"
"61","EPHB6.01","81"
"62","EPHB6.02","42"
"63","FGFR1b.01","FGFR1b.01"
"64","FGFR2.01","FGFR2.01"
"65","FGFR2.02","FGFR2.02"
"66","FGFR2.03","FGFR2.03"
"67","FGFR2b.01","FGFR2b.01"
"68","FGFR2b.02","FGFR2b.02"
"69","FGFR2c.01","FGFR2c.01"
"70","FGFR2c.02","FGFR2c.02"
"71","FGFR4.01","942"
"72","FGFR4.02","3308"
"73","FGFR4.03","FGFR4.03"
"74","FGFR4.04","FGFR4.04"
"75","FLT3.01","7194"
"76","FLT3.02","4049"
"77","FLT3.03","2808"
"78","FLT3.04","22"
"79","ICAM1.10","4614"
"80","ICAM1.13","5917"
"81","ICAM1.20","8332"
"82","INSR.01","923"
"83","INSR.02","18"
"84","INSR.03","1"
"85","KIT.01","KIT.01"
"86","KIT.02","KIT.02"
"87","LTBR.01","2379"
"88","LTBR.02","LTBR.02"
"89","LTBR.03","2208"
"90","MER.01","MER.01"
"91","MER.02","MER.02"
"92","MER.03","MER.03"
"93","MER.04","MER.04"
"94","MET.01","MET.01"
"95","MET.02","MET.02"
"96","MET.03","MET.03"
"97","MET.04","MET.04"
"98","NCR3LG1.01","3744"
"99","NCR3LG1.05","NCR3LG1.05"
"100","NCR3LG1.06","2084"
"101","NCR3LG1.07","NCR3LG1.07"
"102","NCR3LG1.12","5366"
"103","NCR3LG1.13","NCR3LG1.13"
"104","NCR3LG1.14","4383"
"105","NCR3LG1.15","NCR3LG1.15"
"106","NCR3LG1.16","NCR3LG1.16"
"107","NECTIN1.03","1611"
"108","NECTIN1.04","4611"
"109","NECTIN1.13","6595"
"110","NECTIN1.14","6928"
"111","NTRK1.01","NTRK1.01"
"112","NTRK1.03","NTRK1.03"
"113","NTRK1.04","NTRK1.04"
"114","NTRK2.01","NTRK2.01"
"115","NTRK2.02","NTRK2.02"
"116","NTRK2.03","NTRK2.03"
"117","NTRK2.04","NTRK2.04"
"118","NTRK3.01","NTRK3.01"
"119","NTRK3.02","4298"
"120","NTRK3.03","1"
"121","PDGFRA.01","PDGFRA.01"
"122","PDGFRA.02","PDGFRA.02"
"123","PDGFRA.03","PDGFRA.03"
"124","PDGFRA.04","PDGFRA.04"
"125","PDGFRB.01","2639"
"126","PDGFRB.02","6131"
"127","PDGFRB.03","5532"
"128","PDGFRB.04","PDGFRB.04"
"129","PTK7.01","PTK7.01"
"130","PTK7.02","5126"
"131","PTK7.03","6846"
"132","PTK7.04","PTK7.04"
"133","RET.01","RET.01"
"134","RET.02","RET.02"
"135","RON.01","3720"
"136","RON.02","RON.02"
"137","RON.03","RON.03"
"138","RON.04","4992"
"139","ROR1.01","ROR1.01"
"140","ROR1.02","5502"
"141","ROR1.03","ROR1.03"
"142","ROR1.04","3152"
"143","ROR1.05","ROR1.05"
"144","ROR1.09","ROR1.09"
"145","ROR1.10","15348"
"146","ROR1.11","ROR1.11"
"147","ROR1.12","ROR1.12"
"148","ROR1.13","ROR1.13"
"149","ROR1.14","ROR1.14"
"150","ROR1.15","4861"
"151","ROR1.16","ROR1.16"
"152","RYK.01","3586"
"153","TIE1.01","TIE1.01"
"154","TIE1.02","482"
"155","TIE1.03","6466"
"156","TIE2.01","20"
"157","TIE2.02","3720"
"158","TIE2.03","1538"
"159","TIE2.04","6891"
"160","TYRO3.02","3795"
"161","TYRO3.03","1"
"162","TYRO3.04","TYRO3.04"
"163","VEGFR2.01","VEGFR2.01"
"164","VEGFR2.02","VEGFR2.02"
"165","VEGFR2.03","6930"
"166","VEGFR2.04","VEGFR2.04"
"167","VEGFR3.01","VEGFR3.01"
"168","VEGFR3.02","VEGFR3.02"
"169","VEGFR3.03","VEGFR3.03"
"170","VEGFR3.04","VEGFR3.04"
"171","GFP.01","2903"
"172","GFP.02","6622"
"173","GFP.03","GFP.03"
"174","SMARCC2.01","SMARCC2.01"
"175","TRAlpha.01","8064"
"176","ZNF2.01","2655"
"177","ZNF18.01","1608"
